// Jest Snapshot v1, https://goo.gl/fbAQLP

exports[`AssetRef should render 1`] = `
<a
  href="/assets/txid"
  onClick={[Function]}
>
  something
</a>
`;
